{
  "nested": {
    "data": {
      "foo": "bar",
      "key": "val"
    }
  }
}
